export const snapshot = {};

snapshot[`cli help and version output > help 1`] = `
stdout:
"
   ▄▀█ ▄▀█ █   Voice agent development kit
   █▀█ █▀█ █   v0.1.86

  Usage   aai <command> [options]

  Commands

    new      [dir]  Scaffold a new agent project
    deploy          Bundle and deploy to production

  Options

    -h, --help      Show this help
    -V, --version   Show the version number

  Getting started

    \$ aai new my-agent    Create a new agent
    \$ cd my-agent
    \$ aai deploy          Deploy to production

"
stderr:
""
`;

snapshot[`cli help and version output > version 1`] = `
stdout:
"aai 0.1.86
"
stderr:
""
`;

snapshot[`cli help and version output > newHelp 1`] = `
stdout:
"
  aai new  v0.1.86
  Scaffold a new agent project

  Arguments

    [dir]

  Options

    -n, --name
      Agent name
    -t, --template
      Template to use
    -f, --force
      Overwrite existing agent.ts
    -h, --help
      Show this help

"
stderr:
""
`;

snapshot[`cli help and version output > deployHelp 1`] = `
stdout:
"
  aai deploy  v0.1.86
  Bundle and deploy to production

  Options

    -s, --server
      Server URL
    --dry-run
      Validate and bundle without deploying
    -h, --help
      Show this help

"
stderr:
""
`;
